Log file created at: 2022/05/20 17:18:31
Running on machine: tazzbook-pro.local
Running duration (h:mm:ss): 0:00:00
Log line format: [IWEF]yyyymmdd hh:mm:ss.uuuuuu threadid file:line] msg
I20220520 17:18:31.001727 86869376 main.cc:13] Running unit tests for poseidon v0.0.0....
E20220520 17:18:31.002246 86869376 os_thread_osx.cc:161] couldn't get  ThreadLocal.
I20220520 17:18:31.002250 1794387968 task_pool.cc:9] starting worker #0....
I20220520 17:18:31.002282 1794961408 task_pool.cc:9] starting worker #1....
I20220520 17:18:31.002606 86869376 test_collector.cc:90] r1 (before): 100 (RawObject(new=1, old=0, marked=0, remembered=0, size=8b, address=0x126434000, pointer=0x126434018, forwarding=0x0)).
I20220520 17:18:31.002615 86869376 test_collector.cc:91] r2 (before): 1000 (RawObject(new=1, old=0, marked=0, remembered=0, size=8b, address=0x126434020, pointer=0x126434038, forwarding=0x0)).
I20220520 17:18:31.002619 86869376 test_collector.cc:92] r3 (before): 10 (RawObject(new=1, old=0, marked=0, remembered=0, size=8b, address=0x126434040, pointer=0x126434058, forwarding=0x0)).
I20220520 17:18:31.002622 86869376 test_collector.cc:93] g1 (before): 10 (RawObject(new=1, old=0, marked=0, remembered=0, size=8b, address=0x126434060, pointer=0x126434078, forwarding=0x0)).
I20220520 17:18:31.002626 86869376 test_collector.cc:94] g2 (before): 1000000 (RawObject(new=1, old=0, marked=0, remembered=0, size=8b, address=0x126434080, pointer=0x126434098, forwarding=0x0)).
I20220520 17:18:31.002630 86869376 scavenger.cc:421] scavenger stats (before): ScavengerStats(start=, duration=0ms, scavenged=0 (0b), promoted=0 (0b), finalized=0 (0b))
I20220520 17:18:31.002662 86869376 scavenger.cc:85] from space: Semispace(start=0x126434000, allocated=0b (0.00%), total_size=8mb)
I20220520 17:18:31.002667 86869376 scavenger.cc:86] to space: Semispace(start=0x126c34000, allocated=0b (0.00%), total_size=8mb)
I20220520 17:18:31.002687 86869376 scavenger.cc:304] ProcessLocals finished in 13us.
I20220520 17:18:31.002691 1794961408 scavenger.cc:134] processing RawObject(new=1, old=0, marked=0, remembered=0, size=8b, address=0x126434000, pointer=0x126434018, forwarding=0x0)
I20220520 17:18:31.002709 1794961408 scavenger.cc:122] scavenging RawObject(new=1, old=0, marked=0, remembered=0, size=8b, address=0x126434000, pointer=0x126434018, forwarding=0x0) in old zone.
I20220520 17:18:31.002717 1794961408 scavenger.cc:100] forwarding RawObject(new=1, old=0, marked=0, remembered=0, size=8b, address=0x126434000, pointer=0x126434018, forwarding=0x0) to RawObject(new=1, old=0, marked=0, remembered=0, size=8b, address=0x126c34000, pointer=0x126c34018, forwarding=0x0)
I20220520 17:18:31.002723 1794961408 scavenger.cc:134] processing RawObject(new=1, old=0, marked=0, remembered=0, size=8b, address=0x126434040, pointer=0x126434058, forwarding=0x0)
I20220520 17:18:31.002728 1794961408 scavenger.cc:122] scavenging RawObject(new=1, old=0, marked=0, remembered=0, size=8b, address=0x126434040, pointer=0x126434058, forwarding=0x0) in old zone.
I20220520 17:18:31.002737 1794961408 scavenger.cc:100] forwarding RawObject(new=1, old=0, marked=0, remembered=0, size=8b, address=0x126434040, pointer=0x126434058, forwarding=0x0) to RawObject(new=1, old=0, marked=0, remembered=0, size=8b, address=0x126c34020, pointer=0x126c34038, forwarding=0x0)
I20220520 17:18:31.002719 1794387968 scavenger.cc:134] processing RawObject(new=1, old=0, marked=0, remembered=0, size=8b, address=0x126434020, pointer=0x126434038, forwarding=0x0)
I20220520 17:18:31.002800 1794387968 scavenger.cc:122] scavenging RawObject(new=1, old=0, marked=0, remembered=0, size=8b, address=0x126434020, pointer=0x126434038, forwarding=0x0) in old zone.
I20220520 17:18:31.002892 1794387968 scavenger.cc:100] forwarding RawObject(new=1, old=0, marked=0, remembered=0, size=8b, address=0x126434020, pointer=0x126434038, forwarding=0x0) to RawObject(new=1, old=0, marked=0, remembered=0, size=8b, address=0x126c34040, pointer=0x126c34058, forwarding=0x0)
I20220520 17:18:31.002899 86869376 scavenger.cc:314] ProcessRoots finished in 225us.
I20220520 17:18:31.002903 86869376 scavenger.cc:323] processing RawObject(new=1, old=0, marked=0, remembered=1, size=8b, address=0x126c34000, pointer=0x126c34018, forwarding=0x0)
I20220520 17:18:31.002907 86869376 scavenger.cc:323] processing RawObject(new=1, old=0, marked=0, remembered=1, size=8b, address=0x126c34020, pointer=0x126c34038, forwarding=0x0)
I20220520 17:18:31.002924 86869376 scavenger.cc:323] processing RawObject(new=1, old=0, marked=0, remembered=1, size=8b, address=0x126c34040, pointer=0x126c34058, forwarding=0x0)
I20220520 17:18:31.002928 86869376 scavenger.cc:331] ProcessToSpace finished in 25us.
I20220520 17:18:31.002930 86869376 scavenger.cc:344] checking RawObject(new=1, old=0, marked=0, remembered=1, size=8b, address=0x126434000, pointer=0x126434018, forwarding=0x126c34000)
I20220520 17:18:31.002934 86869376 scavenger.cc:344] checking RawObject(new=1, old=0, marked=0, remembered=1, size=8b, address=0x126434020, pointer=0x126434038, forwarding=0x126c34040)
I20220520 17:18:31.002938 86869376 scavenger.cc:344] checking RawObject(new=1, old=0, marked=0, remembered=1, size=8b, address=0x126434040, pointer=0x126434058, forwarding=0x126c34020)
I20220520 17:18:31.002940 86869376 scavenger.cc:350] NotifyLocals finished in 10us.
I20220520 17:18:31.003638 86869376 scavenger.cc:412] ParallelScavenge finished in 965us.
I20220520 17:18:31.003641 1794961408 task_pool.cc:24] ParallelScavengerTask finished in 966us.
I20220520 17:18:31.003640 86869376 scavenger.cc:429] scavenger stats (after): ScavengerStats(start=, duration=0ms, scavenged=3 (96b), promoted=0 (0b), finalized=0 (0b))
I20220520 17:18:31.003641 1794387968 task_pool.cc:24] ParallelScavengerTask finished in 966us.
I20220520 17:18:31.003648 86869376 collector.cc:37] MinorCollection finished in 1ms 19us.
I20220520 17:18:31.003652 86869376 test_collector.cc:98] r1 (after): 100 (RawObject(new=1, old=0, marked=0, remembered=1, size=8b, address=0x126c34000, pointer=0x126c34018, forwarding=0x0)).
I20220520 17:18:31.003656 86869376 test_collector.cc:99] r2 (after): 1000 (RawObject(new=1, old=0, marked=0, remembered=1, size=8b, address=0x126c34040, pointer=0x126c34058, forwarding=0x0)).
I20220520 17:18:31.003660 86869376 test_collector.cc:100] r3 (after): 10 (RawObject(new=1, old=0, marked=0, remembered=1, size=8b, address=0x126c34020, pointer=0x126c34038, forwarding=0x0)).
I20220520 17:18:31.003664 86869376 test_collector.cc:101] g1 (after): 0 (RawObject(new=0, old=0, marked=0, remembered=0, size=0b, address=0x126434060, pointer=0x126434078, forwarding=0x0)).
I20220520 17:18:31.003666 86869376 test_collector.cc:102] g2 (after): 0 (RawObject(new=0, old=0, marked=0, remembered=0, size=0b, address=0x126434080, pointer=0x126434098, forwarding=0x0)).
I20220520 17:18:31.003710 86869376 test_collector.cc:180] r1 (before): 100 (RawObject(new=1, old=0, marked=0, remembered=0, size=8b, address=0x280000000, pointer=0x280000018, forwarding=0x0)).
I20220520 17:18:31.003715 86869376 test_collector.cc:181] r2 (before): 1000 (RawObject(new=1, old=0, marked=0, remembered=0, size=8b, address=0x280000020, pointer=0x280000038, forwarding=0x0)).
I20220520 17:18:31.003717 86869376 test_collector.cc:182] r3 (before): 10 (RawObject(new=1, old=0, marked=0, remembered=0, size=8b, address=0x280000040, pointer=0x280000058, forwarding=0x0)).
I20220520 17:18:31.003720 86869376 test_collector.cc:183] g1 (before): 10 (RawObject(new=1, old=0, marked=0, remembered=0, size=8b, address=0x280000060, pointer=0x280000078, forwarding=0x0)).
I20220520 17:18:31.003724 86869376 test_collector.cc:184] g2 (before): 1000000 (RawObject(new=1, old=0, marked=0, remembered=0, size=8b, address=0x280000080, pointer=0x280000098, forwarding=0x0)).
I20220520 17:18:31.003727 86869376 scavenger.cc:421] scavenger stats (before): ScavengerStats(start=, duration=0ms, scavenged=3 (96b), promoted=0 (0b), finalized=0 (0b))
I20220520 17:18:31.003731 86869376 scavenger.cc:85] from space: Semispace(start=0x280000000, allocated=0b (0.00%), total_size=8mb)
I20220520 17:18:31.003733 86869376 scavenger.cc:86] to space: Semispace(start=0x280800000, allocated=0b (0.00%), total_size=8mb)
I20220520 17:18:31.003737 86869376 scavenger.cc:304] ProcessLocals finished in .
I20220520 17:18:31.003737 1794961408 scavenger.cc:134] processing RawObject(new=1, old=0, marked=0, remembered=0, size=8b, address=0x280000000, pointer=0x280000018, forwarding=0x0)
I20220520 17:18:31.003738 1794387968 scavenger.cc:134] processing RawObject(new=1, old=0, marked=0, remembered=0, size=8b, address=0x280000020, pointer=0x280000038, forwarding=0x0)
I20220520 17:18:31.003773 1794961408 scavenger.cc:122] scavenging RawObject(new=1, old=0, marked=0, remembered=0, size=8b, address=0x280000000, pointer=0x280000018, forwarding=0x0) in old zone.
I20220520 17:18:31.003795 1794387968 scavenger.cc:122] scavenging RawObject(new=1, old=0, marked=0, remembered=0, size=8b, address=0x280000020, pointer=0x280000038, forwarding=0x0) in old zone.
I20220520 17:18:31.003844 1794961408 scavenger.cc:100] forwarding RawObject(new=1, old=0, marked=0, remembered=0, size=8b, address=0x280000000, pointer=0x280000018, forwarding=0x0) to RawObject(new=1, old=0, marked=0, remembered=0, size=8b, address=0x280800000, pointer=0x280800018, forwarding=0x0)
I20220520 17:18:31.003865 1794961408 scavenger.cc:134] processing RawObject(new=1, old=0, marked=0, remembered=0, size=8b, address=0x280000040, pointer=0x280000058, forwarding=0x0)
I20220520 17:18:31.003875 1794961408 scavenger.cc:122] scavenging RawObject(new=1, old=0, marked=0, remembered=0, size=8b, address=0x280000040, pointer=0x280000058, forwarding=0x0) in old zone.
I20220520 17:18:31.003849 1794387968 scavenger.cc:100] forwarding RawObject(new=1, old=0, marked=0, remembered=0, size=8b, address=0x280000020, pointer=0x280000038, forwarding=0x0) to RawObject(new=1, old=0, marked=0, remembered=0, size=8b, address=0x280800020, pointer=0x280800038, forwarding=0x0)
I20220520 17:18:31.003886 1794961408 scavenger.cc:100] forwarding RawObject(new=1, old=0, marked=0, remembered=0, size=8b, address=0x280000040, pointer=0x280000058, forwarding=0x0) to RawObject(new=1, old=0, marked=0, remembered=0, size=8b, address=0x280800040, pointer=0x280800058, forwarding=0x0)
I20220520 17:18:31.003906 86869376 scavenger.cc:314] ProcessRoots finished in 169us.
I20220520 17:18:31.003911 86869376 scavenger.cc:323] processing RawObject(new=1, old=0, marked=0, remembered=1, size=8b, address=0x280800000, pointer=0x280800018, forwarding=0x0)
I20220520 17:18:31.003914 86869376 scavenger.cc:323] processing RawObject(new=1, old=0, marked=0, remembered=1, size=8b, address=0x280800020, pointer=0x280800038, forwarding=0x0)
I20220520 17:18:31.003917 86869376 scavenger.cc:323] processing RawObject(new=1, old=0, marked=0, remembered=1, size=8b, address=0x280800040, pointer=0x280800058, forwarding=0x0)
I20220520 17:18:31.003921 86869376 scavenger.cc:331] ProcessToSpace finished in 10us.
I20220520 17:18:31.003922 86869376 scavenger.cc:344] checking RawObject(new=1, old=0, marked=0, remembered=1, size=8b, address=0x280000000, pointer=0x280000018, forwarding=0x280800000)
I20220520 17:18:31.003926 86869376 scavenger.cc:344] checking RawObject(new=1, old=0, marked=0, remembered=1, size=8b, address=0x280000020, pointer=0x280000038, forwarding=0x280800020)
I20220520 17:18:31.003929 86869376 scavenger.cc:344] checking RawObject(new=1, old=0, marked=0, remembered=1, size=8b, address=0x280000040, pointer=0x280000058, forwarding=0x280800040)
I20220520 17:18:31.003932 86869376 scavenger.cc:350] NotifyLocals finished in 10us.
I20220520 17:18:31.004572 86869376 scavenger.cc:412] ParallelScavenge finished in 836us.
I20220520 17:18:31.004575 86869376 scavenger.cc:429] scavenger stats (after): ScavengerStats(start=, duration=0ms, scavenged=3 (96b), promoted=0 (0b), finalized=0 (0b))
I20220520 17:18:31.004576 1794387968 task_pool.cc:24] ParallelScavengerTask finished in 838us.
I20220520 17:18:31.004580 86869376 collector.cc:37] MinorCollection finished in 853us.
I20220520 17:18:31.004587 86869376 test_collector.cc:187] r1 (inter): 100 (RawObject(new=1, old=0, marked=0, remembered=1, size=8b, address=0x280800000, pointer=0x280800018, forwarding=0x0)).
I20220520 17:18:31.004576 1794961408 task_pool.cc:24] ParallelScavengerTask finished in 839us.
I20220520 17:18:31.004592 86869376 test_collector.cc:188] r2 (inter): 1000 (RawObject(new=1, old=0, marked=0, remembered=1, size=8b, address=0x280800020, pointer=0x280800038, forwarding=0x0)).
I20220520 17:18:31.004611 86869376 test_collector.cc:189] r3 (inter): 10 (RawObject(new=1, old=0, marked=0, remembered=1, size=8b, address=0x280800040, pointer=0x280800058, forwarding=0x0)).
I20220520 17:18:31.004614 86869376 test_collector.cc:190] g1 (inter): 0 (RawObject(new=0, old=0, marked=0, remembered=0, size=0b, address=0x280000060, pointer=0x280000078, forwarding=0x0)).
I20220520 17:18:31.004618 86869376 test_collector.cc:191] g2 (inter): 0 (RawObject(new=0, old=0, marked=0, remembered=0, size=0b, address=0x280000080, pointer=0x280000098, forwarding=0x0)).
I20220520 17:18:31.004623 86869376 scavenger.cc:421] scavenger stats (before): ScavengerStats(start=, duration=0ms, scavenged=3 (96b), promoted=0 (0b), finalized=0 (0b))
I20220520 17:18:31.004626 86869376 scavenger.cc:85] from space: Semispace(start=0x280800000, allocated=0b (0.00%), total_size=8mb)
I20220520 17:18:31.004629 86869376 scavenger.cc:86] to space: Semispace(start=0x280000000, allocated=0b (0.00%), total_size=8mb)
I20220520 17:18:31.004637 86869376 scavenger.cc:304] ProcessLocals finished in 4us.
I20220520 17:18:31.004637 1794387968 scavenger.cc:134] processing RawObject(new=1, old=0, marked=0, remembered=1, size=8b, address=0x280800000, pointer=0x280800018, forwarding=0x0)
I20220520 17:18:31.004648 1794387968 scavenger.cc:112] promoting RawObject(new=1, old=0, marked=0, remembered=1, size=8b, address=0x280800000, pointer=0x280800018, forwarding=0x0) to new zone.
I20220520 17:18:31.004637 1794961408 scavenger.cc:134] processing RawObject(new=1, old=0, marked=0, remembered=1, size=8b, address=0x280800020, pointer=0x280800038, forwarding=0x0)
I20220520 17:18:31.004660 1794961408 scavenger.cc:112] promoting RawObject(new=1, old=0, marked=0, remembered=1, size=8b, address=0x280800020, pointer=0x280800038, forwarding=0x0) to new zone.
I20220520 17:18:31.129096 1794961408 scavenger.cc:100] forwarding RawObject(new=1, old=0, marked=0, remembered=1, size=8b, address=0x280800020, pointer=0x280800038, forwarding=0x0) to RawObject(new=0, old=1, marked=0, remembered=0, size=8b, address=0x281000020, pointer=0x281000038, forwarding=0x0)
I20220520 17:18:31.129159 1794961408 scavenger.cc:134] processing RawObject(new=1, old=0, marked=0, remembered=1, size=8b, address=0x280800040, pointer=0x280800058, forwarding=0x0)
I20220520 17:18:31.129163 1794961408 scavenger.cc:112] promoting RawObject(new=1, old=0, marked=0, remembered=1, size=8b, address=0x280800040, pointer=0x280800058, forwarding=0x0) to new zone.
I20220520 17:18:31.133749 1794387968 scavenger.cc:100] forwarding RawObject(new=1, old=0, marked=0, remembered=1, size=8b, address=0x280800000, pointer=0x280800018, forwarding=0x0) to RawObject(new=0, old=1, marked=0, remembered=0, size=8b, address=0x281000000, pointer=0x281000018, forwarding=0x0)
I20220520 17:18:31.166976 1794961408 scavenger.cc:100] forwarding RawObject(new=1, old=0, marked=0, remembered=1, size=8b, address=0x280800040, pointer=0x280800058, forwarding=0x0) to RawObject(new=0, old=1, marked=0, remembered=0, size=8b, address=0x281000040, pointer=0x281000058, forwarding=0x0)
I20220520 17:18:31.167035 86869376 scavenger.cc:314] ProcessRoots finished in 162ms 381us.
I20220520 17:18:31.167055 86869376 scavenger.cc:331] ProcessToSpace finished in 2us.
I20220520 17:18:31.167062 86869376 scavenger.cc:344] checking RawObject(new=1, old=0, marked=0, remembered=1, size=8b, address=0x280800000, pointer=0x280800018, forwarding=0x281000000)
I20220520 17:18:31.167083 86869376 scavenger.cc:344] checking RawObject(new=1, old=0, marked=0, remembered=1, size=8b, address=0x280800020, pointer=0x280800038, forwarding=0x281000020)
I20220520 17:18:31.167086 86869376 scavenger.cc:344] checking RawObject(new=1, old=0, marked=0, remembered=1, size=8b, address=0x280800040, pointer=0x280800058, forwarding=0x281000040)
I20220520 17:18:31.167090 86869376 scavenger.cc:350] NotifyLocals finished in 33us.
I20220520 17:18:31.169193 86869376 scavenger.cc:412] ParallelScavenge finished in 164ms 560us.
I20220520 17:18:31.169200 86869376 scavenger.cc:429] scavenger stats (after): ScavengerStats(start=, duration=164ms, scavenged=0 (0b), promoted=3 (96b), finalized=0 (0b))
I20220520 17:18:31.169201 1794961408 task_pool.cc:24] ParallelScavengerTask finished in 164ms 567us.
I20220520 17:18:31.169203 1794387968 task_pool.cc:24] ParallelScavengerTask finished in 164ms 568us.
I20220520 17:18:31.169272 86869376 collector.cc:37] MinorCollection finished in 164ms 649us.
I20220520 17:18:31.169847 86869376 test_collector.cc:218] r1 (after): 100 (RawObject(new=0, old=1, marked=0, remembered=1, size=8b, address=0x281000000, pointer=0x281000018, forwarding=0x0)).
I20220520 17:18:31.169855 86869376 test_collector.cc:219] r2 (after): 1000 (RawObject(new=0, old=1, marked=0, remembered=1, size=8b, address=0x281000020, pointer=0x281000038, forwarding=0x0)).
I20220520 17:18:31.169859 86869376 test_collector.cc:220] r3 (after): 10 (RawObject(new=0, old=1, marked=0, remembered=1, size=8b, address=0x281000040, pointer=0x281000058, forwarding=0x0)).
I20220520 17:18:31.169863 86869376 test_collector.cc:221] g1 (after): 0 (RawObject(new=0, old=0, marked=0, remembered=0, size=0b, address=0x280000060, pointer=0x280000078, forwarding=0x0)).
I20220520 17:18:31.169867 86869376 test_collector.cc:222] g2 (after): 0 (RawObject(new=0, old=0, marked=0, remembered=0, size=0b, address=0x280000080, pointer=0x280000098, forwarding=0x0)).
